mode: set
github.com/ROCm/k8s-gpu-dra-driver/api/amd.com/resource/gpu/v1alpha1/api.go:64.36,71.2 1 1
github.com/ROCm/k8s-gpu-dra-driver/api/amd.com/resource/gpu/v1alpha1/api.go:74.39,75.14 1 1
github.com/ROCm/k8s-gpu-dra-driver/api/amd.com/resource/gpu/v1alpha1/api.go:75.14,77.3 1 1
github.com/ROCm/k8s-gpu-dra-driver/api/amd.com/resource/gpu/v1alpha1/api.go:78.2,78.12 1 1
github.com/ROCm/k8s-gpu-dra-driver/api/amd.com/resource/gpu/v1alpha1/api.go:87.50,94.2 1 0
github.com/ROCm/k8s-gpu-dra-driver/api/amd.com/resource/gpu/v1alpha1/api.go:97.46,98.14 1 0
github.com/ROCm/k8s-gpu-dra-driver/api/amd.com/resource/gpu/v1alpha1/api.go:98.14,100.3 1 0
github.com/ROCm/k8s-gpu-dra-driver/api/amd.com/resource/gpu/v1alpha1/api.go:101.2,101.12 1 0
github.com/ROCm/k8s-gpu-dra-driver/api/amd.com/resource/gpu/v1alpha1/api.go:105.45,107.2 1 0
github.com/ROCm/k8s-gpu-dra-driver/api/amd.com/resource/gpu/v1alpha1/api.go:109.13,134.2 5 1
github.com/ROCm/k8s-gpu-dra-driver/api/amd.com/resource/gpu/v1alpha1/validate.go:36.38,38.2 1 1
github.com/ROCm/k8s-gpu-dra-driver/api/amd.com/resource/gpu/v1alpha1/zz_generated.deepcopy.go:44.51,47.2 2 0
github.com/ROCm/k8s-gpu-dra-driver/api/amd.com/resource/gpu/v1alpha1/zz_generated.deepcopy.go:50.44,51.15 1 0
github.com/ROCm/k8s-gpu-dra-driver/api/amd.com/resource/gpu/v1alpha1/zz_generated.deepcopy.go:51.15,53.3 1 0
github.com/ROCm/k8s-gpu-dra-driver/api/amd.com/resource/gpu/v1alpha1/zz_generated.deepcopy.go:54.2,56.12 3 0
github.com/ROCm/k8s-gpu-dra-driver/api/amd.com/resource/gpu/v1alpha1/zz_generated.deepcopy.go:60.54,61.34 1 0
github.com/ROCm/k8s-gpu-dra-driver/api/amd.com/resource/gpu/v1alpha1/zz_generated.deepcopy.go:61.34,63.3 1 0
github.com/ROCm/k8s-gpu-dra-driver/api/amd.com/resource/gpu/v1alpha1/zz_generated.deepcopy.go:64.2,64.12 1 0
github.com/ROCm/k8s-gpu-dra-driver/api/amd.com/resource/gpu/v1alpha1/zz_generated.deepcopy.go:68.65,71.2 2 0
github.com/ROCm/k8s-gpu-dra-driver/api/amd.com/resource/gpu/v1alpha1/zz_generated.deepcopy.go:74.58,75.15 1 0
github.com/ROCm/k8s-gpu-dra-driver/api/amd.com/resource/gpu/v1alpha1/zz_generated.deepcopy.go:75.15,77.3 1 0
github.com/ROCm/k8s-gpu-dra-driver/api/amd.com/resource/gpu/v1alpha1/zz_generated.deepcopy.go:78.2,80.12 3 0
github.com/ROCm/k8s-gpu-dra-driver/api/amd.com/resource/gpu/v1alpha1/zz_generated.deepcopy.go:84.61,85.34 1 0
github.com/ROCm/k8s-gpu-dra-driver/api/amd.com/resource/gpu/v1alpha1/zz_generated.deepcopy.go:85.34,87.3 1 0
github.com/ROCm/k8s-gpu-dra-driver/api/amd.com/resource/gpu/v1alpha1/zz_generated.deepcopy.go:88.2,88.12 1 0
github.com/ROCm/k8s-gpu-dra-driver/pkg/amdgpu/amdgpu.go:35.32,37.23 2 0
github.com/ROCm/k8s-gpu-dra-driver/pkg/amdgpu/amdgpu.go:37.23,40.3 2 0
github.com/ROCm/k8s-gpu-dra-driver/pkg/amdgpu/amdgpu.go:42.2,42.38 1 0
github.com/ROCm/k8s-gpu-dra-driver/pkg/amdgpu/amdgpu.go:42.38,44.17 2 0
github.com/ROCm/k8s-gpu-dra-driver/pkg/amdgpu/amdgpu.go:44.17,45.12 1 0
github.com/ROCm/k8s-gpu-dra-driver/pkg/amdgpu/amdgpu.go:47.3,48.26 2 0
github.com/ROCm/k8s-gpu-dra-driver/pkg/amdgpu/amdgpu.go:48.26,50.4 1 0
github.com/ROCm/k8s-gpu-dra-driver/pkg/amdgpu/amdgpu.go:56.2,57.11 2 0
github.com/ROCm/k8s-gpu-dra-driver/pkg/amdgpu/amdgpu.go:61.53,62.66 1 0
github.com/ROCm/k8s-gpu-dra-driver/pkg/amdgpu/amdgpu.go:62.66,65.3 2 0
github.com/ROCm/k8s-gpu-dra-driver/pkg/amdgpu/amdgpu.go:68.2,80.31 7 0
github.com/ROCm/k8s-gpu-dra-driver/pkg/amdgpu/amdgpu.go:80.31,89.65 6 0
github.com/ROCm/k8s-gpu-dra-driver/pkg/amdgpu/amdgpu.go:89.65,91.4 1 0
github.com/ROCm/k8s-gpu-dra-driver/pkg/amdgpu/amdgpu.go:91.9,93.4 1 0
github.com/ROCm/k8s-gpu-dra-driver/pkg/amdgpu/amdgpu.go:96.3,96.64 1 0
github.com/ROCm/k8s-gpu-dra-driver/pkg/amdgpu/amdgpu.go:96.64,98.4 1 0
github.com/ROCm/k8s-gpu-dra-driver/pkg/amdgpu/amdgpu.go:98.9,100.4 1 0
github.com/ROCm/k8s-gpu-dra-driver/pkg/amdgpu/amdgpu.go:102.3,102.57 1 0
github.com/ROCm/k8s-gpu-dra-driver/pkg/amdgpu/amdgpu.go:102.57,105.18 3 0
github.com/ROCm/k8s-gpu-dra-driver/pkg/amdgpu/amdgpu.go:105.18,107.13 2 0
github.com/ROCm/k8s-gpu-dra-driver/pkg/amdgpu/amdgpu.go:109.9,111.12 2 0
github.com/ROCm/k8s-gpu-dra-driver/pkg/amdgpu/amdgpu.go:114.3,117.36 3 0
github.com/ROCm/k8s-gpu-dra-driver/pkg/amdgpu/amdgpu.go:117.36,118.43 1 0
github.com/ROCm/k8s-gpu-dra-driver/pkg/amdgpu/amdgpu.go:119.29,120.37 1 0
github.com/ROCm/k8s-gpu-dra-driver/pkg/amdgpu/amdgpu.go:121.32,123.54 2 0
github.com/ROCm/k8s-gpu-dra-driver/pkg/amdgpu/amdgpu.go:123.54,126.6 2 0
github.com/ROCm/k8s-gpu-dra-driver/pkg/amdgpu/amdgpu.go:131.3,136.57 4 0
github.com/ROCm/k8s-gpu-dra-driver/pkg/amdgpu/amdgpu.go:136.57,138.4 1 0
github.com/ROCm/k8s-gpu-dra-driver/pkg/amdgpu/amdgpu.go:138.9,141.4 2 0
github.com/ROCm/k8s-gpu-dra-driver/pkg/amdgpu/amdgpu.go:143.3,161.52 3 0
github.com/ROCm/k8s-gpu-dra-driver/pkg/amdgpu/amdgpu.go:161.52,166.4 4 0
github.com/ROCm/k8s-gpu-dra-driver/pkg/amdgpu/amdgpu.go:168.3,168.44 1 0
github.com/ROCm/k8s-gpu-dra-driver/pkg/amdgpu/amdgpu.go:173.2,175.39 2 0
github.com/ROCm/k8s-gpu-dra-driver/pkg/amdgpu/amdgpu.go:175.39,185.36 8 0
github.com/ROCm/k8s-gpu-dra-driver/pkg/amdgpu/amdgpu.go:185.36,186.43 1 0
github.com/ROCm/k8s-gpu-dra-driver/pkg/amdgpu/amdgpu.go:187.29,188.37 1 0
github.com/ROCm/k8s-gpu-dra-driver/pkg/amdgpu/amdgpu.go:189.32,191.54 2 0
github.com/ROCm/k8s-gpu-dra-driver/pkg/amdgpu/amdgpu.go:191.54,194.6 2 0
github.com/ROCm/k8s-gpu-dra-driver/pkg/amdgpu/amdgpu.go:196.5,196.36 1 0
github.com/ROCm/k8s-gpu-dra-driver/pkg/amdgpu/amdgpu.go:196.36,197.34 1 0
github.com/ROCm/k8s-gpu-dra-driver/pkg/amdgpu/amdgpu.go:197.34,202.104 5 0
github.com/ROCm/k8s-gpu-dra-driver/pkg/amdgpu/amdgpu.go:202.104,205.13 3 0
github.com/ROCm/k8s-gpu-dra-driver/pkg/amdgpu/amdgpu.go:214.3,214.50 1 0
github.com/ROCm/k8s-gpu-dra-driver/pkg/amdgpu/amdgpu.go:214.50,215.12 1 0
github.com/ROCm/k8s-gpu-dra-driver/pkg/amdgpu/amdgpu.go:217.3,217.44 1 0
github.com/ROCm/k8s-gpu-dra-driver/pkg/amdgpu/amdgpu.go:217.44,218.12 1 0
github.com/ROCm/k8s-gpu-dra-driver/pkg/amdgpu/amdgpu.go:221.3,236.52 2 0
github.com/ROCm/k8s-gpu-dra-driver/pkg/amdgpu/amdgpu.go:236.52,241.4 4 0
github.com/ROCm/k8s-gpu-dra-driver/pkg/amdgpu/amdgpu.go:243.3,243.44 1 0
github.com/ROCm/k8s-gpu-dra-driver/pkg/amdgpu/amdgpu.go:245.2,246.16 2 0
github.com/ROCm/k8s-gpu-dra-driver/pkg/amdgpu/amdgpu.go:251.42,254.16 3 0
github.com/ROCm/k8s-gpu-dra-driver/pkg/amdgpu/amdgpu.go:254.16,257.3 2 0
github.com/ROCm/k8s-gpu-dra-driver/pkg/amdgpu/amdgpu.go:258.2,258.37 1 0
github.com/ROCm/k8s-gpu-dra-driver/pkg/amdgpu/amdgpu.go:262.35,265.16 3 0
github.com/ROCm/k8s-gpu-dra-driver/pkg/amdgpu/amdgpu.go:265.16,269.22 2 0
github.com/ROCm/k8s-gpu-dra-driver/pkg/amdgpu/amdgpu.go:269.22,271.4 1 0
github.com/ROCm/k8s-gpu-dra-driver/pkg/amdgpu/amdgpu.go:272.8,274.3 1 0
github.com/ROCm/k8s-gpu-dra-driver/pkg/amdgpu/amdgpu.go:275.2,275.14 1 0
github.com/ROCm/k8s-gpu-dra-driver/pkg/amdgpu/amdgpu.go:281.77,283.14 2 0
github.com/ROCm/k8s-gpu-dra-driver/pkg/amdgpu/amdgpu.go:283.14,285.3 1 0
github.com/ROCm/k8s-gpu-dra-driver/pkg/amdgpu/amdgpu.go:287.2,290.21 4 0
github.com/ROCm/k8s-gpu-dra-driver/pkg/amdgpu/amdgpu.go:290.21,292.15 2 0
github.com/ROCm/k8s-gpu-dra-driver/pkg/amdgpu/amdgpu.go:292.15,293.12 1 0
github.com/ROCm/k8s-gpu-dra-driver/pkg/amdgpu/amdgpu.go:296.3,297.8 2 0
github.com/ROCm/k8s-gpu-dra-driver/pkg/amdgpu/amdgpu.go:299.2,301.13 2 0
github.com/ROCm/k8s-gpu-dra-driver/pkg/amdgpu/amdgpu.go:307.84,309.14 2 0
github.com/ROCm/k8s-gpu-dra-driver/pkg/amdgpu/amdgpu.go:309.14,311.3 1 0
github.com/ROCm/k8s-gpu-dra-driver/pkg/amdgpu/amdgpu.go:313.2,316.21 4 0
github.com/ROCm/k8s-gpu-dra-driver/pkg/amdgpu/amdgpu.go:316.21,318.15 2 0
github.com/ROCm/k8s-gpu-dra-driver/pkg/amdgpu/amdgpu.go:318.15,319.12 1 0
github.com/ROCm/k8s-gpu-dra-driver/pkg/amdgpu/amdgpu.go:322.3,324.8 3 0
github.com/ROCm/k8s-gpu-dra-driver/pkg/amdgpu/amdgpu.go:326.2,328.13 2 0
github.com/ROCm/k8s-gpu-dra-driver/pkg/amdgpu/amdgpu.go:351.69,353.29 2 0
github.com/ROCm/k8s-gpu-dra-driver/pkg/amdgpu/amdgpu.go:353.29,355.3 1 0
github.com/ROCm/k8s-gpu-dra-driver/pkg/amdgpu/amdgpu.go:357.2,361.91 4 0
github.com/ROCm/k8s-gpu-dra-driver/pkg/amdgpu/amdgpu.go:361.91,364.3 2 0
github.com/ROCm/k8s-gpu-dra-driver/pkg/amdgpu/amdgpu.go:366.2,366.37 1 0
github.com/ROCm/k8s-gpu-dra-driver/pkg/amdgpu/amdgpu.go:366.37,371.15 3 0
github.com/ROCm/k8s-gpu-dra-driver/pkg/amdgpu/amdgpu.go:371.15,373.12 2 0
github.com/ROCm/k8s-gpu-dra-driver/pkg/amdgpu/amdgpu.go:376.3,376.23 1 0
github.com/ROCm/k8s-gpu-dra-driver/pkg/amdgpu/amdgpu.go:376.23,377.12 1 0
github.com/ROCm/k8s-gpu-dra-driver/pkg/amdgpu/amdgpu.go:381.3,382.15 2 0
github.com/ROCm/k8s-gpu-dra-driver/pkg/amdgpu/amdgpu.go:382.15,384.12 2 0
github.com/ROCm/k8s-gpu-dra-driver/pkg/amdgpu/amdgpu.go:388.3,389.15 2 0
github.com/ROCm/k8s-gpu-dra-driver/pkg/amdgpu/amdgpu.go:389.15,391.12 2 0
github.com/ROCm/k8s-gpu-dra-driver/pkg/amdgpu/amdgpu.go:394.3,401.17 6 0
github.com/ROCm/k8s-gpu-dra-driver/pkg/amdgpu/amdgpu.go:401.17,403.12 2 0
github.com/ROCm/k8s-gpu-dra-driver/pkg/amdgpu/amdgpu.go:407.3,408.15 2 0
github.com/ROCm/k8s-gpu-dra-driver/pkg/amdgpu/amdgpu.go:408.15,411.4 2 0
github.com/ROCm/k8s-gpu-dra-driver/pkg/amdgpu/amdgpu.go:414.3,415.15 2 0
github.com/ROCm/k8s-gpu-dra-driver/pkg/amdgpu/amdgpu.go:415.15,418.4 2 0
github.com/ROCm/k8s-gpu-dra-driver/pkg/amdgpu/amdgpu.go:421.3,422.20 2 0
github.com/ROCm/k8s-gpu-dra-driver/pkg/amdgpu/amdgpu.go:422.20,424.4 1 0
github.com/ROCm/k8s-gpu-dra-driver/pkg/amdgpu/amdgpu.go:427.3,430.15 4 0
github.com/ROCm/k8s-gpu-dra-driver/pkg/amdgpu/amdgpu.go:430.15,433.4 1 0
github.com/ROCm/k8s-gpu-dra-driver/pkg/amdgpu/amdgpu.go:433.9,436.4 2 0
github.com/ROCm/k8s-gpu-dra-driver/pkg/amdgpu/amdgpu.go:439.3,447.4 1 0
github.com/ROCm/k8s-gpu-dra-driver/pkg/amdgpu/amdgpu.go:450.2,450.24 1 0
github.com/ROCm/k8s-gpu-dra-driver/pkg/amdgpu/vfio.go:55.32,64.2 8 1
github.com/ROCm/k8s-gpu-dra-driver/pkg/amdgpu/vfio.go:67.23,76.2 8 1
github.com/ROCm/k8s-gpu-dra-driver/pkg/amdgpu/vfio.go:93.50,97.16 3 1
github.com/ROCm/k8s-gpu-dra-driver/pkg/amdgpu/vfio.go:97.16,99.3 1 0
github.com/ROCm/k8s-gpu-dra-driver/pkg/amdgpu/vfio.go:101.2,101.32 1 1
github.com/ROCm/k8s-gpu-dra-driver/pkg/amdgpu/vfio.go:101.32,106.42 4 1
github.com/ROCm/k8s-gpu-dra-driver/pkg/amdgpu/vfio.go:106.42,107.12 1 0
github.com/ROCm/k8s-gpu-dra-driver/pkg/amdgpu/vfio.go:110.3,111.45 2 1
github.com/ROCm/k8s-gpu-dra-driver/pkg/amdgpu/vfio.go:111.45,112.12 1 1
github.com/ROCm/k8s-gpu-dra-driver/pkg/amdgpu/vfio.go:116.3,116.74 1 1
github.com/ROCm/k8s-gpu-dra-driver/pkg/amdgpu/vfio.go:116.74,117.12 1 1
github.com/ROCm/k8s-gpu-dra-driver/pkg/amdgpu/vfio.go:120.3,121.17 2 1
github.com/ROCm/k8s-gpu-dra-driver/pkg/amdgpu/vfio.go:121.17,123.12 2 0
github.com/ROCm/k8s-gpu-dra-driver/pkg/amdgpu/vfio.go:126.3,138.98 5 1
github.com/ROCm/k8s-gpu-dra-driver/pkg/amdgpu/vfio.go:140.2,140.19 1 1
github.com/ROCm/k8s-gpu-dra-driver/pkg/amdgpu/vfio.go:166.50,170.16 3 1
github.com/ROCm/k8s-gpu-dra-driver/pkg/amdgpu/vfio.go:170.16,172.3 1 0
github.com/ROCm/k8s-gpu-dra-driver/pkg/amdgpu/vfio.go:174.2,174.32 1 1
github.com/ROCm/k8s-gpu-dra-driver/pkg/amdgpu/vfio.go:174.32,180.17 4 1
github.com/ROCm/k8s-gpu-dra-driver/pkg/amdgpu/vfio.go:180.17,181.12 1 0
github.com/ROCm/k8s-gpu-dra-driver/pkg/amdgpu/vfio.go:183.3,183.28 1 1
github.com/ROCm/k8s-gpu-dra-driver/pkg/amdgpu/vfio.go:183.28,184.12 1 1
github.com/ROCm/k8s-gpu-dra-driver/pkg/amdgpu/vfio.go:188.3,190.17 3 1
github.com/ROCm/k8s-gpu-dra-driver/pkg/amdgpu/vfio.go:190.17,191.12 1 1
github.com/ROCm/k8s-gpu-dra-driver/pkg/amdgpu/vfio.go:193.3,193.45 1 1
github.com/ROCm/k8s-gpu-dra-driver/pkg/amdgpu/vfio.go:193.45,194.12 1 1
github.com/ROCm/k8s-gpu-dra-driver/pkg/amdgpu/vfio.go:198.3,200.38 3 1
github.com/ROCm/k8s-gpu-dra-driver/pkg/amdgpu/vfio.go:200.38,201.12 1 0
github.com/ROCm/k8s-gpu-dra-driver/pkg/amdgpu/vfio.go:204.3,206.34 2 1
github.com/ROCm/k8s-gpu-dra-driver/pkg/amdgpu/vfio.go:206.34,208.18 2 1
github.com/ROCm/k8s-gpu-dra-driver/pkg/amdgpu/vfio.go:208.18,209.13 1 0
github.com/ROCm/k8s-gpu-dra-driver/pkg/amdgpu/vfio.go:211.4,217.18 4 1
github.com/ROCm/k8s-gpu-dra-driver/pkg/amdgpu/vfio.go:217.18,218.13 1 0
github.com/ROCm/k8s-gpu-dra-driver/pkg/amdgpu/vfio.go:220.4,220.52 1 1
github.com/ROCm/k8s-gpu-dra-driver/pkg/amdgpu/vfio.go:220.52,222.13 2 1
github.com/ROCm/k8s-gpu-dra-driver/pkg/amdgpu/vfio.go:225.4,226.18 2 1
github.com/ROCm/k8s-gpu-dra-driver/pkg/amdgpu/vfio.go:226.18,227.13 1 0
github.com/ROCm/k8s-gpu-dra-driver/pkg/amdgpu/vfio.go:230.4,244.85 6 1
github.com/ROCm/k8s-gpu-dra-driver/pkg/amdgpu/vfio.go:247.2,247.19 1 1
github.com/ROCm/k8s-gpu-dra-driver/pkg/amdgpu/vfio.go:251.52,254.16 3 1
github.com/ROCm/k8s-gpu-dra-driver/pkg/amdgpu/vfio.go:254.16,256.3 1 1
github.com/ROCm/k8s-gpu-dra-driver/pkg/amdgpu/vfio.go:257.2,257.35 1 1
github.com/ROCm/k8s-gpu-dra-driver/pkg/amdgpu/vfio.go:262.51,264.47 2 1
github.com/ROCm/k8s-gpu-dra-driver/pkg/amdgpu/vfio.go:264.47,266.3 1 1
github.com/ROCm/k8s-gpu-dra-driver/pkg/amdgpu/vfio.go:267.2,269.16 3 1
github.com/ROCm/k8s-gpu-dra-driver/pkg/amdgpu/vfio.go:269.16,270.25 1 1
github.com/ROCm/k8s-gpu-dra-driver/pkg/amdgpu/vfio.go:270.25,272.4 1 1
github.com/ROCm/k8s-gpu-dra-driver/pkg/amdgpu/vfio.go:273.3,273.17 1 0
github.com/ROCm/k8s-gpu-dra-driver/pkg/amdgpu/vfio.go:275.2,275.35 1 1
github.com/ROCm/k8s-gpu-dra-driver/pkg/amdgpu/vfio.go:279.35,281.16 2 1
github.com/ROCm/k8s-gpu-dra-driver/pkg/amdgpu/vfio.go:281.16,283.3 1 1
github.com/ROCm/k8s-gpu-dra-driver/pkg/amdgpu/vfio.go:284.2,284.21 1 1
github.com/ROCm/k8s-gpu-dra-driver/pkg/amdgpu/vfio.go:289.31,291.16 2 1
github.com/ROCm/k8s-gpu-dra-driver/pkg/amdgpu/vfio.go:291.16,293.3 1 1
github.com/ROCm/k8s-gpu-dra-driver/pkg/amdgpu/vfio.go:294.2,296.37 3 1
github.com/ROCm/k8s-gpu-dra-driver/pkg/amdgpu/vfio.go:300.34,303.2 2 1
github.com/ROCm/k8s-gpu-dra-driver/pkg/amdgpu/vfio.go:306.35,309.2 2 1
github.com/ROCm/k8s-gpu-dra-driver/pkg/amdgpu/vfio.go:312.49,314.16 2 1
github.com/ROCm/k8s-gpu-dra-driver/pkg/amdgpu/vfio.go:314.16,316.3 1 0
github.com/ROCm/k8s-gpu-dra-driver/pkg/amdgpu/vfio.go:317.2,317.45 1 1
github.com/ROCm/k8s-gpu-dra-driver/pkg/amdgpu/vfio.go:321.45,324.22 2 1
github.com/ROCm/k8s-gpu-dra-driver/pkg/amdgpu/vfio.go:324.22,325.55 1 0
github.com/ROCm/k8s-gpu-dra-driver/pkg/amdgpu/vfio.go:325.55,328.4 2 0
github.com/ROCm/k8s-gpu-dra-driver/pkg/amdgpu/vfio.go:331.2,332.48 2 1
github.com/ROCm/k8s-gpu-dra-driver/pkg/amdgpu/vfio.go:332.48,335.3 2 0
github.com/ROCm/k8s-gpu-dra-driver/pkg/amdgpu/vfio.go:336.2,336.11 1 1
github.com/ROCm/k8s-gpu-dra-driver/pkg/amdgpu/vfio.go:340.39,342.16 2 1
github.com/ROCm/k8s-gpu-dra-driver/pkg/amdgpu/vfio.go:342.16,344.3 1 1
github.com/ROCm/k8s-gpu-dra-driver/pkg/amdgpu/vfio.go:345.2,347.56 3 0
github.com/ROCm/k8s-gpu-dra-driver/pkg/amdgpu/vfio.go:347.56,349.3 1 0
github.com/ROCm/k8s-gpu-dra-driver/pkg/amdgpu/vfio.go:350.2,350.13 1 0
github.com/ROCm/k8s-gpu-dra-driver/cmd/webhook/main.go:82.13,84.2 1 1
github.com/ROCm/k8s-gpu-dra-driver/cmd/webhook/main.go:86.13,87.46 1 0
github.com/ROCm/k8s-gpu-dra-driver/cmd/webhook/main.go:87.46,90.3 2 0
github.com/ROCm/k8s-gpu-dra-driver/cmd/webhook/main.go:93.24,125.38 4 0
github.com/ROCm/k8s-gpu-dra-driver/cmd/webhook/main.go:125.38,126.26 1 0
github.com/ROCm/k8s-gpu-dra-driver/cmd/webhook/main.go:126.26,128.5 1 0
github.com/ROCm/k8s-gpu-dra-driver/cmd/webhook/main.go:129.4,129.38 1 0
github.com/ROCm/k8s-gpu-dra-driver/cmd/webhook/main.go:131.38,138.4 3 0
github.com/ROCm/k8s-gpu-dra-driver/cmd/webhook/main.go:141.2,141.12 1 0
github.com/ROCm/k8s-gpu-dra-driver/cmd/webhook/main.go:144.30,147.75 3 1
github.com/ROCm/k8s-gpu-dra-driver/cmd/webhook/main.go:147.75,149.17 2 1
github.com/ROCm/k8s-gpu-dra-driver/cmd/webhook/main.go:149.17,152.4 2 0
github.com/ROCm/k8s-gpu-dra-driver/cmd/webhook/main.go:154.2,154.12 1 1
github.com/ROCm/k8s-gpu-dra-driver/cmd/webhook/main.go:157.65,159.2 1 1
github.com/ROCm/k8s-gpu-dra-driver/cmd/webhook/main.go:163.124,165.19 2 1
github.com/ROCm/k8s-gpu-dra-driver/cmd/webhook/main.go:165.19,167.17 2 1
github.com/ROCm/k8s-gpu-dra-driver/cmd/webhook/main.go:167.17,171.4 3 0
github.com/ROCm/k8s-gpu-dra-driver/cmd/webhook/main.go:172.3,172.14 1 1
github.com/ROCm/k8s-gpu-dra-driver/cmd/webhook/main.go:176.2,177.39 2 1
github.com/ROCm/k8s-gpu-dra-driver/cmd/webhook/main.go:177.39,182.3 4 1
github.com/ROCm/k8s-gpu-dra-driver/cmd/webhook/main.go:184.2,187.16 3 1
github.com/ROCm/k8s-gpu-dra-driver/cmd/webhook/main.go:187.16,192.3 4 1
github.com/ROCm/k8s-gpu-dra-driver/cmd/webhook/main.go:193.2,200.16 7 0
github.com/ROCm/k8s-gpu-dra-driver/cmd/webhook/main.go:200.16,204.3 3 0
github.com/ROCm/k8s-gpu-dra-driver/cmd/webhook/main.go:205.2,206.46 2 0
github.com/ROCm/k8s-gpu-dra-driver/cmd/webhook/main.go:206.46,208.3 1 0
github.com/ROCm/k8s-gpu-dra-driver/cmd/webhook/main.go:211.77,214.16 3 1
github.com/ROCm/k8s-gpu-dra-driver/cmd/webhook/main.go:214.16,216.3 1 1
github.com/ROCm/k8s-gpu-dra-driver/cmd/webhook/main.go:218.2,218.72 1 0
github.com/ROCm/k8s-gpu-dra-driver/cmd/webhook/main.go:218.72,220.3 1 0
github.com/ROCm/k8s-gpu-dra-driver/cmd/webhook/main.go:222.2,223.9 2 0
github.com/ROCm/k8s-gpu-dra-driver/cmd/webhook/main.go:223.9,225.3 1 0
github.com/ROCm/k8s-gpu-dra-driver/cmd/webhook/main.go:227.2,227.38 1 0
github.com/ROCm/k8s-gpu-dra-driver/cmd/webhook/main.go:232.98,241.29 6 0
github.com/ROCm/k8s-gpu-dra-driver/cmd/webhook/main.go:242.29,244.69 2 0
github.com/ROCm/k8s-gpu-dra-driver/cmd/webhook/main.go:244.69,252.4 2 0
github.com/ROCm/k8s-gpu-dra-driver/cmd/webhook/main.go:253.3,254.20 2 0
github.com/ROCm/k8s-gpu-dra-driver/cmd/webhook/main.go:255.37,257.77 2 0
github.com/ROCm/k8s-gpu-dra-driver/cmd/webhook/main.go:257.77,265.4 2 0
github.com/ROCm/k8s-gpu-dra-driver/cmd/webhook/main.go:266.3,267.25 2 0
github.com/ROCm/k8s-gpu-dra-driver/cmd/webhook/main.go:268.10,276.4 3 0
github.com/ROCm/k8s-gpu-dra-driver/cmd/webhook/main.go:279.2,280.49 2 0
github.com/ROCm/k8s-gpu-dra-driver/cmd/webhook/main.go:280.49,281.72 1 0
github.com/ROCm/k8s-gpu-dra-driver/cmd/webhook/main.go:281.72,282.12 1 0
github.com/ROCm/k8s-gpu-dra-driver/cmd/webhook/main.go:285.3,287.17 3 0
github.com/ROCm/k8s-gpu-dra-driver/cmd/webhook/main.go:287.17,289.12 2 0
github.com/ROCm/k8s-gpu-dra-driver/cmd/webhook/main.go:291.3,292.10 2 0
github.com/ROCm/k8s-gpu-dra-driver/cmd/webhook/main.go:292.10,294.12 2 0
github.com/ROCm/k8s-gpu-dra-driver/cmd/webhook/main.go:296.3,297.17 2 0
github.com/ROCm/k8s-gpu-dra-driver/cmd/webhook/main.go:297.17,299.4 1 0
github.com/ROCm/k8s-gpu-dra-driver/cmd/webhook/main.go:302.2,302.19 1 0
github.com/ROCm/k8s-gpu-dra-driver/cmd/webhook/main.go:302.19,304.28 2 0
github.com/ROCm/k8s-gpu-dra-driver/cmd/webhook/main.go:304.28,306.4 1 0
github.com/ROCm/k8s-gpu-dra-driver/cmd/webhook/main.go:307.3,314.4 3 0
github.com/ROCm/k8s-gpu-dra-driver/cmd/webhook/main.go:317.2,319.3 1 0
github.com/ROCm/k8s-gpu-dra-driver/cmd/gpu-kubeletplugin/allocatable.go:36.43,37.21 1 0
github.com/ROCm/k8s-gpu-dra-driver/cmd/gpu-kubeletplugin/allocatable.go:37.21,39.3 1 0
github.com/ROCm/k8s-gpu-dra-driver/cmd/gpu-kubeletplugin/allocatable.go:40.2,40.27 1 0
github.com/ROCm/k8s-gpu-dra-driver/cmd/gpu-kubeletplugin/allocatable.go:40.27,42.3 1 0
github.com/ROCm/k8s-gpu-dra-driver/cmd/gpu-kubeletplugin/allocatable.go:43.2,43.19 1 0
github.com/ROCm/k8s-gpu-dra-driver/cmd/gpu-kubeletplugin/allocatable.go:43.19,45.3 1 0
github.com/ROCm/k8s-gpu-dra-driver/cmd/gpu-kubeletplugin/allocatable.go:46.2,46.26 1 0
github.com/ROCm/k8s-gpu-dra-driver/cmd/gpu-kubeletplugin/allocatable.go:50.52,51.18 1 0
github.com/ROCm/k8s-gpu-dra-driver/cmd/gpu-kubeletplugin/allocatable.go:52.24,53.34 1 0
github.com/ROCm/k8s-gpu-dra-driver/cmd/gpu-kubeletplugin/allocatable.go:54.30,55.40 1 0
github.com/ROCm/k8s-gpu-dra-driver/cmd/gpu-kubeletplugin/allocatable.go:56.22,57.32 1 0
github.com/ROCm/k8s-gpu-dra-driver/cmd/gpu-kubeletplugin/allocatable.go:59.2,59.60 1 0
github.com/ROCm/k8s-gpu-dra-driver/cmd/gpu-kubeletplugin/allocatable.go:63.52,64.18 1 0
github.com/ROCm/k8s-gpu-dra-driver/cmd/gpu-kubeletplugin/allocatable.go:65.24,66.29 1 0
github.com/ROCm/k8s-gpu-dra-driver/cmd/gpu-kubeletplugin/allocatable.go:67.30,68.42 1 0
github.com/ROCm/k8s-gpu-dra-driver/cmd/gpu-kubeletplugin/allocatable.go:69.22,70.27 1 0
github.com/ROCm/k8s-gpu-dra-driver/cmd/gpu-kubeletplugin/allocatable.go:72.2,72.11 1 0
github.com/ROCm/k8s-gpu-dra-driver/cmd/gpu-kubeletplugin/allocatable.go:76.60,77.18 1 0
github.com/ROCm/k8s-gpu-dra-driver/cmd/gpu-kubeletplugin/allocatable.go:78.24,79.30 1 0
github.com/ROCm/k8s-gpu-dra-driver/cmd/gpu-kubeletplugin/allocatable.go:80.30,81.36 1 0
github.com/ROCm/k8s-gpu-dra-driver/cmd/gpu-kubeletplugin/allocatable.go:82.22,83.28 1 0
github.com/ROCm/k8s-gpu-dra-driver/cmd/gpu-kubeletplugin/allocatable.go:85.2,85.60 1 0
github.com/ROCm/k8s-gpu-dra-driver/cmd/gpu-kubeletplugin/cdi.go:59.57,63.16 2 0
github.com/ROCm/k8s-gpu-dra-driver/cmd/gpu-kubeletplugin/cdi.go:63.16,65.3 1 0
github.com/ROCm/k8s-gpu-dra-driver/cmd/gpu-kubeletplugin/cdi.go:66.2,70.21 2 0
github.com/ROCm/k8s-gpu-dra-driver/cmd/gpu-kubeletplugin/cdi.go:73.53,90.16 3 0
github.com/ROCm/k8s-gpu-dra-driver/cmd/gpu-kubeletplugin/cdi.go:90.16,92.3 1 0
github.com/ROCm/k8s-gpu-dra-driver/cmd/gpu-kubeletplugin/cdi.go:93.2,96.16 3 0
github.com/ROCm/k8s-gpu-dra-driver/cmd/gpu-kubeletplugin/cdi.go:96.16,98.3 1 0
github.com/ROCm/k8s-gpu-dra-driver/cmd/gpu-kubeletplugin/cdi.go:100.2,100.44 1 0
github.com/ROCm/k8s-gpu-dra-driver/cmd/gpu-kubeletplugin/cdi.go:103.92,111.33 3 0
github.com/ROCm/k8s-gpu-dra-driver/cmd/gpu-kubeletplugin/cdi.go:111.33,122.3 5 0
github.com/ROCm/k8s-gpu-dra-driver/cmd/gpu-kubeletplugin/cdi.go:124.2,125.16 2 0
github.com/ROCm/k8s-gpu-dra-driver/cmd/gpu-kubeletplugin/cdi.go:125.16,127.3 1 0
github.com/ROCm/k8s-gpu-dra-driver/cmd/gpu-kubeletplugin/cdi.go:128.2,130.44 2 0
github.com/ROCm/k8s-gpu-dra-driver/cmd/gpu-kubeletplugin/cdi.go:133.67,136.2 2 0
github.com/ROCm/k8s-gpu-dra-driver/cmd/gpu-kubeletplugin/cdi.go:138.84,143.33 2 0
github.com/ROCm/k8s-gpu-dra-driver/cmd/gpu-kubeletplugin/cdi.go:143.33,146.3 2 0
github.com/ROCm/k8s-gpu-dra-driver/cmd/gpu-kubeletplugin/cdi.go:148.2,148.19 1 0
github.com/ROCm/k8s-gpu-dra-driver/cmd/gpu-kubeletplugin/checkpoint.go:49.34,57.2 2 0
github.com/ROCm/k8s-gpu-dra-driver/cmd/gpu-kubeletplugin/checkpoint.go:59.59,62.16 3 0
github.com/ROCm/k8s-gpu-dra-driver/cmd/gpu-kubeletplugin/checkpoint.go:62.16,64.3 1 0
github.com/ROCm/k8s-gpu-dra-driver/cmd/gpu-kubeletplugin/checkpoint.go:65.2,66.26 2 0
github.com/ROCm/k8s-gpu-dra-driver/cmd/gpu-kubeletplugin/checkpoint.go:69.62,71.2 1 0
github.com/ROCm/k8s-gpu-dra-driver/cmd/gpu-kubeletplugin/checkpoint.go:73.46,76.15 3 0
github.com/ROCm/k8s-gpu-dra-driver/cmd/gpu-kubeletplugin/checkpoint.go:76.15,78.3 1 0
github.com/ROCm/k8s-gpu-dra-driver/cmd/gpu-kubeletplugin/checkpoint.go:79.2,80.16 2 0
github.com/ROCm/k8s-gpu-dra-driver/cmd/gpu-kubeletplugin/checkpoint.go:80.16,82.3 1 0
github.com/ROCm/k8s-gpu-dra-driver/cmd/gpu-kubeletplugin/checkpoint.go:83.2,83.23 1 0
github.com/ROCm/k8s-gpu-dra-driver/cmd/gpu-kubeletplugin/deviceinfo.go:61.45,63.2 1 0
github.com/ROCm/k8s-gpu-dra-driver/cmd/gpu-kubeletplugin/deviceinfo.go:66.53,72.27 2 0
github.com/ROCm/k8s-gpu-dra-driver/cmd/gpu-kubeletplugin/deviceinfo.go:72.27,74.3 1 0
github.com/ROCm/k8s-gpu-dra-driver/cmd/gpu-kubeletplugin/deviceinfo.go:75.2,75.22 1 0
github.com/ROCm/k8s-gpu-dra-driver/cmd/gpu-kubeletplugin/deviceinfo.go:75.22,77.3 1 0
github.com/ROCm/k8s-gpu-dra-driver/cmd/gpu-kubeletplugin/deviceinfo.go:78.2,78.30 1 0
github.com/ROCm/k8s-gpu-dra-driver/cmd/gpu-kubeletplugin/deviceinfo.go:78.30,80.3 1 0
github.com/ROCm/k8s-gpu-dra-driver/cmd/gpu-kubeletplugin/deviceinfo.go:81.2,81.31 1 0
github.com/ROCm/k8s-gpu-dra-driver/cmd/gpu-kubeletplugin/deviceinfo.go:81.31,83.3 1 0
github.com/ROCm/k8s-gpu-dra-driver/cmd/gpu-kubeletplugin/deviceinfo.go:84.2,84.31 1 0
github.com/ROCm/k8s-gpu-dra-driver/cmd/gpu-kubeletplugin/deviceinfo.go:84.31,86.3 1 0
github.com/ROCm/k8s-gpu-dra-driver/cmd/gpu-kubeletplugin/deviceinfo.go:87.2,95.3 1 0
github.com/ROCm/k8s-gpu-dra-driver/cmd/gpu-kubeletplugin/deviceinfo.go:114.49,116.2 1 0
github.com/ROCm/k8s-gpu-dra-driver/cmd/gpu-kubeletplugin/deviceinfo.go:119.57,127.25 2 0
github.com/ROCm/k8s-gpu-dra-driver/cmd/gpu-kubeletplugin/deviceinfo.go:127.25,129.3 1 0
github.com/ROCm/k8s-gpu-dra-driver/cmd/gpu-kubeletplugin/deviceinfo.go:130.2,130.22 1 0
github.com/ROCm/k8s-gpu-dra-driver/cmd/gpu-kubeletplugin/deviceinfo.go:130.22,132.3 1 0
github.com/ROCm/k8s-gpu-dra-driver/cmd/gpu-kubeletplugin/deviceinfo.go:133.2,133.22 1 0
github.com/ROCm/k8s-gpu-dra-driver/cmd/gpu-kubeletplugin/deviceinfo.go:133.22,135.3 1 0
github.com/ROCm/k8s-gpu-dra-driver/cmd/gpu-kubeletplugin/deviceinfo.go:136.2,136.31 1 0
github.com/ROCm/k8s-gpu-dra-driver/cmd/gpu-kubeletplugin/deviceinfo.go:136.31,138.3 1 0
github.com/ROCm/k8s-gpu-dra-driver/cmd/gpu-kubeletplugin/deviceinfo.go:139.2,139.31 1 0
github.com/ROCm/k8s-gpu-dra-driver/cmd/gpu-kubeletplugin/deviceinfo.go:139.31,141.3 1 0
github.com/ROCm/k8s-gpu-dra-driver/cmd/gpu-kubeletplugin/deviceinfo.go:142.2,145.3 1 0
github.com/ROCm/k8s-gpu-dra-driver/cmd/gpu-kubeletplugin/deviceinfo.go:149.51,151.2 1 0
github.com/ROCm/k8s-gpu-dra-driver/cmd/gpu-kubeletplugin/deviceinfo.go:154.59,161.34 2 0
github.com/ROCm/k8s-gpu-dra-driver/cmd/gpu-kubeletplugin/deviceinfo.go:161.34,163.3 1 0
github.com/ROCm/k8s-gpu-dra-driver/cmd/gpu-kubeletplugin/deviceinfo.go:164.2,164.29 1 0
github.com/ROCm/k8s-gpu-dra-driver/cmd/gpu-kubeletplugin/deviceinfo.go:164.29,166.3 1 0
github.com/ROCm/k8s-gpu-dra-driver/cmd/gpu-kubeletplugin/deviceinfo.go:167.2,167.38 1 0
github.com/ROCm/k8s-gpu-dra-driver/cmd/gpu-kubeletplugin/deviceinfo.go:167.38,169.3 1 0
github.com/ROCm/k8s-gpu-dra-driver/cmd/gpu-kubeletplugin/deviceinfo.go:170.2,170.38 1 0
github.com/ROCm/k8s-gpu-dra-driver/cmd/gpu-kubeletplugin/deviceinfo.go:170.38,172.3 1 0
github.com/ROCm/k8s-gpu-dra-driver/cmd/gpu-kubeletplugin/deviceinfo.go:173.2,181.3 1 0
github.com/ROCm/k8s-gpu-dra-driver/cmd/gpu-kubeletplugin/discovery.go:45.53,48.16 3 0
github.com/ROCm/k8s-gpu-dra-driver/cmd/gpu-kubeletplugin/discovery.go:48.16,50.3 1 0
github.com/ROCm/k8s-gpu-dra-driver/cmd/gpu-kubeletplugin/discovery.go:51.2,51.27 1 0
github.com/ROCm/k8s-gpu-dra-driver/cmd/gpu-kubeletplugin/discovery.go:55.91,56.56 1 0
github.com/ROCm/k8s-gpu-dra-driver/cmd/gpu-kubeletplugin/discovery.go:56.56,58.3 1 0
github.com/ROCm/k8s-gpu-dra-driver/cmd/gpu-kubeletplugin/discovery.go:59.2,59.52 1 0
github.com/ROCm/k8s-gpu-dra-driver/cmd/gpu-kubeletplugin/discovery.go:59.52,61.3 1 0
github.com/ROCm/k8s-gpu-dra-driver/cmd/gpu-kubeletplugin/discovery.go:62.2,62.8 1 0
github.com/ROCm/k8s-gpu-dra-driver/cmd/gpu-kubeletplugin/discovery.go:66.112,67.76 1 0
github.com/ROCm/k8s-gpu-dra-driver/cmd/gpu-kubeletplugin/discovery.go:67.76,69.3 1 0
github.com/ROCm/k8s-gpu-dra-driver/cmd/gpu-kubeletplugin/discovery.go:71.2,72.21 2 0
github.com/ROCm/k8s-gpu-dra-driver/cmd/gpu-kubeletplugin/discovery.go:75.135,78.16 3 0
github.com/ROCm/k8s-gpu-dra-driver/cmd/gpu-kubeletplugin/discovery.go:78.16,80.3 1 0
github.com/ROCm/k8s-gpu-dra-driver/cmd/gpu-kubeletplugin/discovery.go:81.2,82.16 2 0
github.com/ROCm/k8s-gpu-dra-driver/cmd/gpu-kubeletplugin/discovery.go:82.16,84.3 1 0
github.com/ROCm/k8s-gpu-dra-driver/cmd/gpu-kubeletplugin/discovery.go:85.2,85.49 1 0
github.com/ROCm/k8s-gpu-dra-driver/cmd/gpu-kubeletplugin/discovery.go:88.88,92.46 3 0
github.com/ROCm/k8s-gpu-dra-driver/cmd/gpu-kubeletplugin/discovery.go:92.46,95.17 2 0
github.com/ROCm/k8s-gpu-dra-driver/cmd/gpu-kubeletplugin/discovery.go:95.17,98.4 1 0
github.com/ROCm/k8s-gpu-dra-driver/cmd/gpu-kubeletplugin/discovery.go:101.3,107.87 4 0
github.com/ROCm/k8s-gpu-dra-driver/cmd/gpu-kubeletplugin/discovery.go:107.87,110.63 2 0
github.com/ROCm/k8s-gpu-dra-driver/cmd/gpu-kubeletplugin/discovery.go:110.63,112.5 1 0
github.com/ROCm/k8s-gpu-dra-driver/cmd/gpu-kubeletplugin/discovery.go:114.4,138.71 4 0
github.com/ROCm/k8s-gpu-dra-driver/cmd/gpu-kubeletplugin/discovery.go:139.9,139.40 1 0
github.com/ROCm/k8s-gpu-dra-driver/cmd/gpu-kubeletplugin/discovery.go:139.40,173.4 5 0
github.com/ROCm/k8s-gpu-dra-driver/cmd/gpu-kubeletplugin/discovery.go:173.9,175.4 1 0
github.com/ROCm/k8s-gpu-dra-driver/cmd/gpu-kubeletplugin/discovery.go:178.2,185.25 3 0
github.com/ROCm/k8s-gpu-dra-driver/cmd/gpu-kubeletplugin/discovery.go:185.25,187.17 2 0
github.com/ROCm/k8s-gpu-dra-driver/cmd/gpu-kubeletplugin/discovery.go:187.17,189.4 1 0
github.com/ROCm/k8s-gpu-dra-driver/cmd/gpu-kubeletplugin/discovery.go:189.9,191.25 2 0
github.com/ROCm/k8s-gpu-dra-driver/cmd/gpu-kubeletplugin/discovery.go:191.25,193.5 1 0
github.com/ROCm/k8s-gpu-dra-driver/cmd/gpu-kubeletplugin/discovery.go:194.4,195.29 2 0
github.com/ROCm/k8s-gpu-dra-driver/cmd/gpu-kubeletplugin/discovery.go:195.29,198.41 2 0
github.com/ROCm/k8s-gpu-dra-driver/cmd/gpu-kubeletplugin/discovery.go:198.41,198.89 1 0
github.com/ROCm/k8s-gpu-dra-driver/cmd/gpu-kubeletplugin/discovery.go:199.5,199.28 1 0
github.com/ROCm/k8s-gpu-dra-driver/cmd/gpu-kubeletplugin/discovery.go:199.28,201.20 2 0
github.com/ROCm/k8s-gpu-dra-driver/cmd/gpu-kubeletplugin/discovery.go:201.20,203.7 1 0
github.com/ROCm/k8s-gpu-dra-driver/cmd/gpu-kubeletplugin/discovery.go:204.6,220.17 5 0
github.com/ROCm/k8s-gpu-dra-driver/cmd/gpu-kubeletplugin/discovery.go:226.2,227.16 2 0
github.com/ROCm/k8s-gpu-dra-driver/cmd/gpu-kubeletplugin/discovery.go:227.16,229.3 1 0
github.com/ROCm/k8s-gpu-dra-driver/cmd/gpu-kubeletplugin/discovery.go:229.8,231.24 2 0
github.com/ROCm/k8s-gpu-dra-driver/cmd/gpu-kubeletplugin/discovery.go:231.24,233.4 1 0
github.com/ROCm/k8s-gpu-dra-driver/cmd/gpu-kubeletplugin/discovery.go:234.3,235.28 2 0
github.com/ROCm/k8s-gpu-dra-driver/cmd/gpu-kubeletplugin/discovery.go:235.28,238.40 2 0
github.com/ROCm/k8s-gpu-dra-driver/cmd/gpu-kubeletplugin/discovery.go:238.40,238.88 1 0
github.com/ROCm/k8s-gpu-dra-driver/cmd/gpu-kubeletplugin/discovery.go:239.4,239.27 1 0
github.com/ROCm/k8s-gpu-dra-driver/cmd/gpu-kubeletplugin/discovery.go:239.27,241.19 2 0
github.com/ROCm/k8s-gpu-dra-driver/cmd/gpu-kubeletplugin/discovery.go:241.19,243.6 1 0
github.com/ROCm/k8s-gpu-dra-driver/cmd/gpu-kubeletplugin/discovery.go:244.5,261.16 6 0
github.com/ROCm/k8s-gpu-dra-driver/cmd/gpu-kubeletplugin/discovery.go:266.2,266.19 1 0
github.com/ROCm/k8s-gpu-dra-driver/cmd/gpu-kubeletplugin/discovery.go:266.19,268.3 1 0
github.com/ROCm/k8s-gpu-dra-driver/cmd/gpu-kubeletplugin/discovery.go:270.2,270.24 1 0
github.com/ROCm/k8s-gpu-dra-driver/cmd/gpu-kubeletplugin/driver.go:61.70,68.16 3 0
github.com/ROCm/k8s-gpu-dra-driver/cmd/gpu-kubeletplugin/driver.go:68.16,70.3 1 0
github.com/ROCm/k8s-gpu-dra-driver/cmd/gpu-kubeletplugin/driver.go:71.2,82.16 3 0
github.com/ROCm/k8s-gpu-dra-driver/cmd/gpu-kubeletplugin/driver.go:82.16,84.3 1 0
github.com/ROCm/k8s-gpu-dra-driver/cmd/gpu-kubeletplugin/driver.go:85.2,88.53 3 0
github.com/ROCm/k8s-gpu-dra-driver/cmd/gpu-kubeletplugin/driver.go:88.53,90.3 1 0
github.com/ROCm/k8s-gpu-dra-driver/cmd/gpu-kubeletplugin/driver.go:91.2,103.79 2 0
github.com/ROCm/k8s-gpu-dra-driver/cmd/gpu-kubeletplugin/driver.go:103.79,105.3 1 0
github.com/ROCm/k8s-gpu-dra-driver/cmd/gpu-kubeletplugin/driver.go:105.8,107.3 1 0
github.com/ROCm/k8s-gpu-dra-driver/cmd/gpu-kubeletplugin/driver.go:109.2,110.16 2 0
github.com/ROCm/k8s-gpu-dra-driver/cmd/gpu-kubeletplugin/driver.go:110.16,112.3 1 0
github.com/ROCm/k8s-gpu-dra-driver/cmd/gpu-kubeletplugin/driver.go:114.2,114.64 1 0
github.com/ROCm/k8s-gpu-dra-driver/cmd/gpu-kubeletplugin/driver.go:114.64,116.3 1 0
github.com/ROCm/k8s-gpu-dra-driver/cmd/gpu-kubeletplugin/driver.go:118.2,118.20 1 0
github.com/ROCm/k8s-gpu-dra-driver/cmd/gpu-kubeletplugin/driver.go:121.53,122.26 1 0
github.com/ROCm/k8s-gpu-dra-driver/cmd/gpu-kubeletplugin/driver.go:122.26,124.3 1 0
github.com/ROCm/k8s-gpu-dra-driver/cmd/gpu-kubeletplugin/driver.go:125.2,126.12 2 0
github.com/ROCm/k8s-gpu-dra-driver/cmd/gpu-kubeletplugin/driver.go:129.149,133.31 3 0
github.com/ROCm/k8s-gpu-dra-driver/cmd/gpu-kubeletplugin/driver.go:133.31,135.3 1 0
github.com/ROCm/k8s-gpu-dra-driver/cmd/gpu-kubeletplugin/driver.go:137.2,137.20 1 0
github.com/ROCm/k8s-gpu-dra-driver/cmd/gpu-kubeletplugin/driver.go:140.120,142.16 2 0
github.com/ROCm/k8s-gpu-dra-driver/cmd/gpu-kubeletplugin/driver.go:142.16,146.3 1 0
github.com/ROCm/k8s-gpu-dra-driver/cmd/gpu-kubeletplugin/driver.go:147.2,148.41 2 0
github.com/ROCm/k8s-gpu-dra-driver/cmd/gpu-kubeletplugin/driver.go:148.41,155.3 1 0
github.com/ROCm/k8s-gpu-dra-driver/cmd/gpu-kubeletplugin/driver.go:157.2,158.55 2 0
github.com/ROCm/k8s-gpu-dra-driver/cmd/gpu-kubeletplugin/driver.go:161.133,165.31 3 0
github.com/ROCm/k8s-gpu-dra-driver/cmd/gpu-kubeletplugin/driver.go:165.31,167.3 1 0
github.com/ROCm/k8s-gpu-dra-driver/cmd/gpu-kubeletplugin/driver.go:169.2,169.20 1 0
github.com/ROCm/k8s-gpu-dra-driver/cmd/gpu-kubeletplugin/driver.go:172.104,173.61 1 0
github.com/ROCm/k8s-gpu-dra-driver/cmd/gpu-kubeletplugin/driver.go:173.61,175.3 1 0
github.com/ROCm/k8s-gpu-dra-driver/cmd/gpu-kubeletplugin/driver.go:177.2,177.12 1 0
github.com/ROCm/k8s-gpu-dra-driver/cmd/gpu-kubeletplugin/driver.go:180.74,182.73 2 0
github.com/ROCm/k8s-gpu-dra-driver/cmd/gpu-kubeletplugin/driver.go:182.73,184.3 1 0
github.com/ROCm/k8s-gpu-dra-driver/cmd/gpu-kubeletplugin/health.go:66.82,70.14 3 0
github.com/ROCm/k8s-gpu-dra-driver/cmd/gpu-kubeletplugin/health.go:70.14,72.3 1 0
github.com/ROCm/k8s-gpu-dra-driver/cmd/gpu-kubeletplugin/health.go:74.2,76.16 3 0
github.com/ROCm/k8s-gpu-dra-driver/cmd/gpu-kubeletplugin/health.go:76.16,78.3 1 0
github.com/ROCm/k8s-gpu-dra-driver/cmd/gpu-kubeletplugin/health.go:80.2,91.16 4 0
github.com/ROCm/k8s-gpu-dra-driver/cmd/gpu-kubeletplugin/health.go:91.16,93.3 1 0
github.com/ROCm/k8s-gpu-dra-driver/cmd/gpu-kubeletplugin/health.go:95.2,104.16 4 0
github.com/ROCm/k8s-gpu-dra-driver/cmd/gpu-kubeletplugin/health.go:104.16,106.3 1 0
github.com/ROCm/k8s-gpu-dra-driver/cmd/gpu-kubeletplugin/health.go:108.2,117.12 5 0
github.com/ROCm/k8s-gpu-dra-driver/cmd/gpu-kubeletplugin/health.go:117.12,120.43 3 0
github.com/ROCm/k8s-gpu-dra-driver/cmd/gpu-kubeletplugin/health.go:120.43,122.4 1 0
github.com/ROCm/k8s-gpu-dra-driver/cmd/gpu-kubeletplugin/health.go:125.2,125.25 1 0
github.com/ROCm/k8s-gpu-dra-driver/cmd/gpu-kubeletplugin/health.go:128.48,129.21 1 0
github.com/ROCm/k8s-gpu-dra-driver/cmd/gpu-kubeletplugin/health.go:129.21,132.3 2 0
github.com/ROCm/k8s-gpu-dra-driver/cmd/gpu-kubeletplugin/health.go:133.2,133.13 1 0
github.com/ROCm/k8s-gpu-dra-driver/cmd/gpu-kubeletplugin/health.go:137.135,141.57 3 0
github.com/ROCm/k8s-gpu-dra-driver/cmd/gpu-kubeletplugin/health.go:141.57,143.3 1 0
github.com/ROCm/k8s-gpu-dra-driver/cmd/gpu-kubeletplugin/health.go:145.2,150.16 3 0
github.com/ROCm/k8s-gpu-dra-driver/cmd/gpu-kubeletplugin/health.go:150.16,153.3 2 0
github.com/ROCm/k8s-gpu-dra-driver/cmd/gpu-kubeletplugin/health.go:154.2,157.16 3 0
github.com/ROCm/k8s-gpu-dra-driver/cmd/gpu-kubeletplugin/health.go:157.16,160.3 2 0
github.com/ROCm/k8s-gpu-dra-driver/cmd/gpu-kubeletplugin/health.go:161.2,164.20 3 0
github.com/ROCm/k8s-gpu-dra-driver/cmd/gpu-kubeletplugin/main.go:76.43,78.2 1 0
github.com/ROCm/k8s-gpu-dra-driver/cmd/gpu-kubeletplugin/main.go:80.13,81.46 1 0
github.com/ROCm/k8s-gpu-dra-driver/cmd/gpu-kubeletplugin/main.go:81.46,84.3 2 0
github.com/ROCm/k8s-gpu-dra-driver/cmd/gpu-kubeletplugin/main.go:87.24,144.38 5 0
github.com/ROCm/k8s-gpu-dra-driver/cmd/gpu-kubeletplugin/main.go:144.38,145.26 1 0
github.com/ROCm/k8s-gpu-dra-driver/cmd/gpu-kubeletplugin/main.go:145.26,147.5 1 0
github.com/ROCm/k8s-gpu-dra-driver/cmd/gpu-kubeletplugin/main.go:148.4,148.38 1 0
github.com/ROCm/k8s-gpu-dra-driver/cmd/gpu-kubeletplugin/main.go:150.38,153.18 3 0
github.com/ROCm/k8s-gpu-dra-driver/cmd/gpu-kubeletplugin/main.go:153.18,155.5 1 0
github.com/ROCm/k8s-gpu-dra-driver/cmd/gpu-kubeletplugin/main.go:157.4,162.33 2 0
github.com/ROCm/k8s-gpu-dra-driver/cmd/gpu-kubeletplugin/main.go:166.2,166.12 1 0
github.com/ROCm/k8s-gpu-dra-driver/cmd/gpu-kubeletplugin/main.go:169.59,173.16 3 0
github.com/ROCm/k8s-gpu-dra-driver/cmd/gpu-kubeletplugin/main.go:173.16,175.3 1 0
github.com/ROCm/k8s-gpu-dra-driver/cmd/gpu-kubeletplugin/main.go:177.2,178.9 2 0
github.com/ROCm/k8s-gpu-dra-driver/cmd/gpu-kubeletplugin/main.go:179.40,181.17 2 0
github.com/ROCm/k8s-gpu-dra-driver/cmd/gpu-kubeletplugin/main.go:181.17,183.4 1 0
github.com/ROCm/k8s-gpu-dra-driver/cmd/gpu-kubeletplugin/main.go:184.18,185.13 1 0
github.com/ROCm/k8s-gpu-dra-driver/cmd/gpu-kubeletplugin/main.go:186.21,187.82 1 0
github.com/ROCm/k8s-gpu-dra-driver/cmd/gpu-kubeletplugin/main.go:190.2,196.16 6 0
github.com/ROCm/k8s-gpu-dra-driver/cmd/gpu-kubeletplugin/main.go:196.16,198.3 1 0
github.com/ROCm/k8s-gpu-dra-driver/cmd/gpu-kubeletplugin/main.go:200.2,204.80 3 0
github.com/ROCm/k8s-gpu-dra-driver/cmd/gpu-kubeletplugin/main.go:204.80,208.3 1 0
github.com/ROCm/k8s-gpu-dra-driver/cmd/gpu-kubeletplugin/main.go:210.2,211.16 2 0
github.com/ROCm/k8s-gpu-dra-driver/cmd/gpu-kubeletplugin/main.go:211.16,213.3 1 0
github.com/ROCm/k8s-gpu-dra-driver/cmd/gpu-kubeletplugin/main.go:215.2,215.12 1 0
github.com/ROCm/k8s-gpu-dra-driver/cmd/gpu-kubeletplugin/state.go:70.59,72.25 2 1
github.com/ROCm/k8s-gpu-dra-driver/cmd/gpu-kubeletplugin/state.go:72.25,74.3 1 1
github.com/ROCm/k8s-gpu-dra-driver/cmd/gpu-kubeletplugin/state.go:75.2,75.16 1 1
github.com/ROCm/k8s-gpu-dra-driver/cmd/gpu-kubeletplugin/state.go:86.59,88.16 2 0
github.com/ROCm/k8s-gpu-dra-driver/cmd/gpu-kubeletplugin/state.go:88.16,90.3 1 0
github.com/ROCm/k8s-gpu-dra-driver/cmd/gpu-kubeletplugin/state.go:92.2,93.16 2 0
github.com/ROCm/k8s-gpu-dra-driver/cmd/gpu-kubeletplugin/state.go:93.16,95.3 1 0
github.com/ROCm/k8s-gpu-dra-driver/cmd/gpu-kubeletplugin/state.go:97.2,98.16 2 0
github.com/ROCm/k8s-gpu-dra-driver/cmd/gpu-kubeletplugin/state.go:98.16,100.3 1 0
github.com/ROCm/k8s-gpu-dra-driver/cmd/gpu-kubeletplugin/state.go:102.2,103.16 2 0
github.com/ROCm/k8s-gpu-dra-driver/cmd/gpu-kubeletplugin/state.go:103.16,105.3 1 0
github.com/ROCm/k8s-gpu-dra-driver/cmd/gpu-kubeletplugin/state.go:108.2,110.34 3 0
github.com/ROCm/k8s-gpu-dra-driver/cmd/gpu-kubeletplugin/state.go:110.34,111.35 1 0
github.com/ROCm/k8s-gpu-dra-driver/cmd/gpu-kubeletplugin/state.go:111.35,113.9 2 0
github.com/ROCm/k8s-gpu-dra-driver/cmd/gpu-kubeletplugin/state.go:116.2,116.13 1 0
github.com/ROCm/k8s-gpu-dra-driver/cmd/gpu-kubeletplugin/state.go:116.13,119.18 3 0
github.com/ROCm/k8s-gpu-dra-driver/cmd/gpu-kubeletplugin/state.go:119.18,121.39 2 0
github.com/ROCm/k8s-gpu-dra-driver/cmd/gpu-kubeletplugin/state.go:121.39,122.37 1 0
github.com/ROCm/k8s-gpu-dra-driver/cmd/gpu-kubeletplugin/state.go:122.37,124.6 1 0
github.com/ROCm/k8s-gpu-dra-driver/cmd/gpu-kubeletplugin/state.go:129.2,137.16 3 0
github.com/ROCm/k8s-gpu-dra-driver/cmd/gpu-kubeletplugin/state.go:137.16,139.3 1 0
github.com/ROCm/k8s-gpu-dra-driver/cmd/gpu-kubeletplugin/state.go:141.2,141.32 1 0
github.com/ROCm/k8s-gpu-dra-driver/cmd/gpu-kubeletplugin/state.go:141.32,142.38 1 0
github.com/ROCm/k8s-gpu-dra-driver/cmd/gpu-kubeletplugin/state.go:142.38,144.4 1 0
github.com/ROCm/k8s-gpu-dra-driver/cmd/gpu-kubeletplugin/state.go:147.2,148.105 2 0
github.com/ROCm/k8s-gpu-dra-driver/cmd/gpu-kubeletplugin/state.go:148.105,150.3 1 0
github.com/ROCm/k8s-gpu-dra-driver/cmd/gpu-kubeletplugin/state.go:152.2,152.19 1 0
github.com/ROCm/k8s-gpu-dra-driver/cmd/gpu-kubeletplugin/state.go:155.92,162.98 5 0
github.com/ROCm/k8s-gpu-dra-driver/cmd/gpu-kubeletplugin/state.go:162.98,164.3 1 0
github.com/ROCm/k8s-gpu-dra-driver/cmd/gpu-kubeletplugin/state.go:165.2,167.37 2 0
github.com/ROCm/k8s-gpu-dra-driver/cmd/gpu-kubeletplugin/state.go:167.37,169.3 1 0
github.com/ROCm/k8s-gpu-dra-driver/cmd/gpu-kubeletplugin/state.go:171.2,172.16 2 0
github.com/ROCm/k8s-gpu-dra-driver/cmd/gpu-kubeletplugin/state.go:172.16,174.3 1 0
github.com/ROCm/k8s-gpu-dra-driver/cmd/gpu-kubeletplugin/state.go:176.2,176.76 1 0
github.com/ROCm/k8s-gpu-dra-driver/cmd/gpu-kubeletplugin/state.go:176.76,178.3 1 0
github.com/ROCm/k8s-gpu-dra-driver/cmd/gpu-kubeletplugin/state.go:180.2,181.101 2 0
github.com/ROCm/k8s-gpu-dra-driver/cmd/gpu-kubeletplugin/state.go:181.101,183.3 1 0
github.com/ROCm/k8s-gpu-dra-driver/cmd/gpu-kubeletplugin/state.go:185.2,185.51 1 0
github.com/ROCm/k8s-gpu-dra-driver/cmd/gpu-kubeletplugin/state.go:188.56,193.98 4 0
github.com/ROCm/k8s-gpu-dra-driver/cmd/gpu-kubeletplugin/state.go:193.98,195.3 1 0
github.com/ROCm/k8s-gpu-dra-driver/cmd/gpu-kubeletplugin/state.go:196.2,198.37 2 0
github.com/ROCm/k8s-gpu-dra-driver/cmd/gpu-kubeletplugin/state.go:198.37,200.3 1 0
github.com/ROCm/k8s-gpu-dra-driver/cmd/gpu-kubeletplugin/state.go:202.2,202.79 1 0
github.com/ROCm/k8s-gpu-dra-driver/cmd/gpu-kubeletplugin/state.go:202.79,204.3 1 0
github.com/ROCm/k8s-gpu-dra-driver/cmd/gpu-kubeletplugin/state.go:206.2,207.16 2 0
github.com/ROCm/k8s-gpu-dra-driver/cmd/gpu-kubeletplugin/state.go:207.16,209.3 1 0
github.com/ROCm/k8s-gpu-dra-driver/cmd/gpu-kubeletplugin/state.go:211.2,212.101 2 0
github.com/ROCm/k8s-gpu-dra-driver/cmd/gpu-kubeletplugin/state.go:212.101,214.3 1 0
github.com/ROCm/k8s-gpu-dra-driver/cmd/gpu-kubeletplugin/state.go:216.2,216.12 1 0
github.com/ROCm/k8s-gpu-dra-driver/cmd/gpu-kubeletplugin/state.go:219.97,220.36 1 0
github.com/ROCm/k8s-gpu-dra-driver/cmd/gpu-kubeletplugin/state.go:220.36,222.3 1 0
github.com/ROCm/k8s-gpu-dra-driver/cmd/gpu-kubeletplugin/state.go:225.2,230.16 2 0
github.com/ROCm/k8s-gpu-dra-driver/cmd/gpu-kubeletplugin/state.go:230.16,232.3 1 0
github.com/ROCm/k8s-gpu-dra-driver/cmd/gpu-kubeletplugin/state.go:238.2,246.65 3 0
github.com/ROCm/k8s-gpu-dra-driver/cmd/gpu-kubeletplugin/state.go:246.65,248.41 1 0
github.com/ROCm/k8s-gpu-dra-driver/cmd/gpu-kubeletplugin/state.go:248.41,249.12 1 0
github.com/ROCm/k8s-gpu-dra-driver/cmd/gpu-kubeletplugin/state.go:251.3,252.14 2 0
github.com/ROCm/k8s-gpu-dra-driver/cmd/gpu-kubeletplugin/state.go:252.14,254.4 1 0
github.com/ROCm/k8s-gpu-dra-driver/cmd/gpu-kubeletplugin/state.go:255.3,256.46 2 0
github.com/ROCm/k8s-gpu-dra-driver/cmd/gpu-kubeletplugin/state.go:256.46,260.27 1 0
github.com/ROCm/k8s-gpu-dra-driver/cmd/gpu-kubeletplugin/state.go:261.37,262.16 1 0
github.com/ROCm/k8s-gpu-dra-driver/cmd/gpu-kubeletplugin/state.go:262.16,263.14 1 0
github.com/ROCm/k8s-gpu-dra-driver/cmd/gpu-kubeletplugin/state.go:265.30,266.15 1 0
github.com/ROCm/k8s-gpu-dra-driver/cmd/gpu-kubeletplugin/state.go:266.15,267.14 1 0
github.com/ROCm/k8s-gpu-dra-driver/cmd/gpu-kubeletplugin/state.go:270.4,270.75 1 0
github.com/ROCm/k8s-gpu-dra-driver/cmd/gpu-kubeletplugin/state.go:270.75,272.10 2 0
github.com/ROCm/k8s-gpu-dra-driver/cmd/gpu-kubeletplugin/state.go:280.2,281.43 2 0
github.com/ROCm/k8s-gpu-dra-driver/cmd/gpu-kubeletplugin/state.go:281.43,282.33 1 0
github.com/ROCm/k8s-gpu-dra-driver/cmd/gpu-kubeletplugin/state.go:283.29,284.49 1 0
github.com/ROCm/k8s-gpu-dra-driver/cmd/gpu-kubeletplugin/state.go:284.49,286.5 1 0
github.com/ROCm/k8s-gpu-dra-driver/cmd/gpu-kubeletplugin/state.go:287.4,287.48 1 0
github.com/ROCm/k8s-gpu-dra-driver/cmd/gpu-kubeletplugin/state.go:287.48,289.5 1 0
github.com/ROCm/k8s-gpu-dra-driver/cmd/gpu-kubeletplugin/state.go:290.4,291.18 2 0
github.com/ROCm/k8s-gpu-dra-driver/cmd/gpu-kubeletplugin/state.go:291.18,293.5 1 0
github.com/ROCm/k8s-gpu-dra-driver/cmd/gpu-kubeletplugin/state.go:294.4,294.37 1 0
github.com/ROCm/k8s-gpu-dra-driver/cmd/gpu-kubeletplugin/state.go:294.37,296.5 1 0
github.com/ROCm/k8s-gpu-dra-driver/cmd/gpu-kubeletplugin/state.go:297.36,298.49 1 0
github.com/ROCm/k8s-gpu-dra-driver/cmd/gpu-kubeletplugin/state.go:298.49,300.5 1 0
github.com/ROCm/k8s-gpu-dra-driver/cmd/gpu-kubeletplugin/state.go:301.4,301.48 1 0
github.com/ROCm/k8s-gpu-dra-driver/cmd/gpu-kubeletplugin/state.go:301.48,303.5 1 0
github.com/ROCm/k8s-gpu-dra-driver/cmd/gpu-kubeletplugin/state.go:304.4,305.35 2 0
github.com/ROCm/k8s-gpu-dra-driver/cmd/gpu-kubeletplugin/state.go:305.35,307.19 2 0
github.com/ROCm/k8s-gpu-dra-driver/cmd/gpu-kubeletplugin/state.go:307.19,310.76 1 0
github.com/ROCm/k8s-gpu-dra-driver/cmd/gpu-kubeletplugin/state.go:310.76,312.7 1 0
github.com/ROCm/k8s-gpu-dra-driver/cmd/gpu-kubeletplugin/state.go:313.6,313.45 1 0
github.com/ROCm/k8s-gpu-dra-driver/cmd/gpu-kubeletplugin/state.go:313.45,314.77 1 0
github.com/ROCm/k8s-gpu-dra-driver/cmd/gpu-kubeletplugin/state.go:314.77,316.8 1 0
github.com/ROCm/k8s-gpu-dra-driver/cmd/gpu-kubeletplugin/state.go:318.6,318.89 1 0
github.com/ROCm/k8s-gpu-dra-driver/cmd/gpu-kubeletplugin/state.go:320.5,321.54 2 0
github.com/ROCm/k8s-gpu-dra-driver/cmd/gpu-kubeletplugin/state.go:323.11,324.78 1 0
github.com/ROCm/k8s-gpu-dra-driver/cmd/gpu-kubeletplugin/state.go:330.2,331.43 2 0
github.com/ROCm/k8s-gpu-dra-driver/cmd/gpu-kubeletplugin/state.go:331.43,332.34 1 0
github.com/ROCm/k8s-gpu-dra-driver/cmd/gpu-kubeletplugin/state.go:332.34,344.4 3 0
github.com/ROCm/k8s-gpu-dra-driver/cmd/gpu-kubeletplugin/state.go:347.2,347.29 1 0
github.com/ROCm/k8s-gpu-dra-driver/cmd/gpu-kubeletplugin/state.go:350.88,352.33 2 0
github.com/ROCm/k8s-gpu-dra-driver/cmd/gpu-kubeletplugin/state.go:352.33,354.14 2 0
github.com/ROCm/k8s-gpu-dra-driver/cmd/gpu-kubeletplugin/state.go:354.14,355.12 1 0
github.com/ROCm/k8s-gpu-dra-driver/cmd/gpu-kubeletplugin/state.go:357.3,357.88 1 0
github.com/ROCm/k8s-gpu-dra-driver/cmd/gpu-kubeletplugin/state.go:357.88,358.67 1 0
github.com/ROCm/k8s-gpu-dra-driver/cmd/gpu-kubeletplugin/state.go:358.67,360.5 1 0
github.com/ROCm/k8s-gpu-dra-driver/cmd/gpu-kubeletplugin/state.go:363.2,363.29 1 0
github.com/ROCm/k8s-gpu-dra-driver/cmd/gpu-kubeletplugin/state.go:367.95,369.16 2 0
github.com/ROCm/k8s-gpu-dra-driver/cmd/gpu-kubeletplugin/state.go:369.16,371.3 1 0
github.com/ROCm/k8s-gpu-dra-driver/cmd/gpu-kubeletplugin/state.go:373.2,374.9 2 0
github.com/ROCm/k8s-gpu-dra-driver/cmd/gpu-kubeletplugin/state.go:374.9,376.3 1 0
github.com/ROCm/k8s-gpu-dra-driver/cmd/gpu-kubeletplugin/state.go:378.2,381.48 3 0
github.com/ROCm/k8s-gpu-dra-driver/cmd/gpu-kubeletplugin/state.go:381.48,383.3 1 0
github.com/ROCm/k8s-gpu-dra-driver/cmd/gpu-kubeletplugin/state.go:383.8,383.51 1 0
github.com/ROCm/k8s-gpu-dra-driver/cmd/gpu-kubeletplugin/state.go:383.51,385.3 1 0
github.com/ROCm/k8s-gpu-dra-driver/cmd/gpu-kubeletplugin/state.go:385.8,387.3 1 0
github.com/ROCm/k8s-gpu-dra-driver/cmd/gpu-kubeletplugin/state.go:389.2,391.48 2 0
github.com/ROCm/k8s-gpu-dra-driver/cmd/gpu-kubeletplugin/state.go:395.154,398.33 2 0
github.com/ROCm/k8s-gpu-dra-driver/cmd/gpu-kubeletplugin/state.go:398.33,401.17 3 0
github.com/ROCm/k8s-gpu-dra-driver/cmd/gpu-kubeletplugin/state.go:401.17,403.4 1 0
github.com/ROCm/k8s-gpu-dra-driver/cmd/gpu-kubeletplugin/state.go:412.3,417.17 5 0
github.com/ROCm/k8s-gpu-dra-driver/cmd/gpu-kubeletplugin/state.go:417.17,419.4 1 0
github.com/ROCm/k8s-gpu-dra-driver/cmd/gpu-kubeletplugin/state.go:420.3,421.17 2 0
github.com/ROCm/k8s-gpu-dra-driver/cmd/gpu-kubeletplugin/state.go:421.17,423.4 1 0
github.com/ROCm/k8s-gpu-dra-driver/cmd/gpu-kubeletplugin/state.go:424.3,425.17 2 0
github.com/ROCm/k8s-gpu-dra-driver/cmd/gpu-kubeletplugin/state.go:425.17,427.4 1 0
github.com/ROCm/k8s-gpu-dra-driver/cmd/gpu-kubeletplugin/state.go:429.3,458.80 2 0
github.com/ROCm/k8s-gpu-dra-driver/cmd/gpu-kubeletplugin/state.go:461.2,461.28 1 0
github.com/ROCm/k8s-gpu-dra-driver/cmd/gpu-kubeletplugin/state.go:479.34,484.41 4 0
github.com/ROCm/k8s-gpu-dra-driver/cmd/gpu-kubeletplugin/state.go:484.41,485.24 1 0
github.com/ROCm/k8s-gpu-dra-driver/cmd/gpu-kubeletplugin/state.go:486.48,487.47 1 0
github.com/ROCm/k8s-gpu-dra-driver/cmd/gpu-kubeletplugin/state.go:488.48,489.47 1 0
github.com/ROCm/k8s-gpu-dra-driver/cmd/gpu-kubeletplugin/state.go:490.11,491.70 1 0
github.com/ROCm/k8s-gpu-dra-driver/cmd/gpu-kubeletplugin/state.go:494.2,499.42 4 0
github.com/ROCm/k8s-gpu-dra-driver/cmd/gpu-kubeletplugin/state.go:499.42,502.47 1 0
github.com/ROCm/k8s-gpu-dra-driver/cmd/gpu-kubeletplugin/state.go:502.47,504.4 1 0
github.com/ROCm/k8s-gpu-dra-driver/cmd/gpu-kubeletplugin/state.go:510.3,510.61 1 0
github.com/ROCm/k8s-gpu-dra-driver/cmd/gpu-kubeletplugin/state.go:510.61,511.12 1 0
github.com/ROCm/k8s-gpu-dra-driver/cmd/gpu-kubeletplugin/state.go:514.3,515.17 2 0
github.com/ROCm/k8s-gpu-dra-driver/cmd/gpu-kubeletplugin/state.go:515.17,517.4 1 0
github.com/ROCm/k8s-gpu-dra-driver/cmd/gpu-kubeletplugin/state.go:519.3,524.54 2 0
github.com/ROCm/k8s-gpu-dra-driver/cmd/gpu-kubeletplugin/state.go:527.2,527.27 1 0
github.com/ROCm/k8s-gpu-dra-driver/cmd/gpu-kubeletplugin/state.go:531.122,533.35 2 0
github.com/ROCm/k8s-gpu-dra-driver/cmd/gpu-kubeletplugin/state.go:533.35,535.3 1 0
github.com/ROCm/k8s-gpu-dra-driver/cmd/gpu-kubeletplugin/state.go:537.2,537.26 1 0
github.com/ROCm/k8s-gpu-dra-driver/cmd/gpu-kubeletplugin/state.go:537.26,539.3 1 0
github.com/ROCm/k8s-gpu-dra-driver/cmd/gpu-kubeletplugin/state.go:540.2,540.61 1 0
github.com/ROCm/k8s-gpu-dra-driver/cmd/gpu-kubeletplugin/state.go:540.61,542.3 1 0
github.com/ROCm/k8s-gpu-dra-driver/cmd/gpu-kubeletplugin/state.go:544.2,545.16 2 0
github.com/ROCm/k8s-gpu-dra-driver/cmd/gpu-kubeletplugin/state.go:545.16,547.3 1 0
github.com/ROCm/k8s-gpu-dra-driver/cmd/gpu-kubeletplugin/state.go:549.2,550.16 2 0
github.com/ROCm/k8s-gpu-dra-driver/cmd/gpu-kubeletplugin/state.go:550.16,552.3 1 0
github.com/ROCm/k8s-gpu-dra-driver/cmd/gpu-kubeletplugin/state.go:553.2,556.25 3 0
github.com/ROCm/k8s-gpu-dra-driver/cmd/gpu-kubeletplugin/vfio_manager.go:41.54,44.36 3 1
github.com/ROCm/k8s-gpu-dra-driver/cmd/gpu-kubeletplugin/vfio_manager.go:44.36,46.3 1 1
github.com/ROCm/k8s-gpu-dra-driver/cmd/gpu-kubeletplugin/vfio_manager.go:47.2,47.25 1 1
github.com/ROCm/k8s-gpu-dra-driver/cmd/gpu-kubeletplugin/vfio_manager.go:55.51,56.33 1 0
github.com/ROCm/k8s-gpu-dra-driver/cmd/gpu-kubeletplugin/vfio_manager.go:56.33,58.3 1 0
github.com/ROCm/k8s-gpu-dra-driver/cmd/gpu-kubeletplugin/vfio_manager.go:59.2,59.37 1 0
github.com/ROCm/k8s-gpu-dra-driver/cmd/gpu-kubeletplugin/vfio_manager.go:59.37,61.3 1 0
github.com/ROCm/k8s-gpu-dra-driver/cmd/gpu-kubeletplugin/vfio_manager.go:62.2,62.31 1 0
github.com/ROCm/k8s-gpu-dra-driver/cmd/gpu-kubeletplugin/vfio_manager.go:67.65,73.16 5 1
github.com/ROCm/k8s-gpu-dra-driver/cmd/gpu-kubeletplugin/vfio_manager.go:73.16,75.3 1 0
github.com/ROCm/k8s-gpu-dra-driver/cmd/gpu-kubeletplugin/vfio_manager.go:77.2,77.44 1 1
github.com/ROCm/k8s-gpu-dra-driver/cmd/gpu-kubeletplugin/vfio_manager.go:77.44,80.3 2 1
github.com/ROCm/k8s-gpu-dra-driver/cmd/gpu-kubeletplugin/vfio_manager.go:82.2,82.25 1 1
github.com/ROCm/k8s-gpu-dra-driver/cmd/gpu-kubeletplugin/vfio_manager.go:82.25,83.59 1 1
github.com/ROCm/k8s-gpu-dra-driver/cmd/gpu-kubeletplugin/vfio_manager.go:83.59,85.4 1 0
github.com/ROCm/k8s-gpu-dra-driver/cmd/gpu-kubeletplugin/vfio_manager.go:88.2,88.77 1 1
github.com/ROCm/k8s-gpu-dra-driver/cmd/gpu-kubeletplugin/vfio_manager.go:88.77,90.3 1 0
github.com/ROCm/k8s-gpu-dra-driver/cmd/gpu-kubeletplugin/vfio_manager.go:92.2,93.12 2 1
github.com/ROCm/k8s-gpu-dra-driver/cmd/gpu-kubeletplugin/vfio_manager.go:98.67,103.87 4 1
github.com/ROCm/k8s-gpu-dra-driver/cmd/gpu-kubeletplugin/vfio_manager.go:103.87,106.3 2 1
github.com/ROCm/k8s-gpu-dra-driver/cmd/gpu-kubeletplugin/vfio_manager.go:108.2,109.16 2 1
github.com/ROCm/k8s-gpu-dra-driver/cmd/gpu-kubeletplugin/vfio_manager.go:109.16,111.3 1 0
github.com/ROCm/k8s-gpu-dra-driver/cmd/gpu-kubeletplugin/vfio_manager.go:112.2,112.46 1 1
github.com/ROCm/k8s-gpu-dra-driver/cmd/gpu-kubeletplugin/vfio_manager.go:112.46,114.3 1 0
github.com/ROCm/k8s-gpu-dra-driver/cmd/gpu-kubeletplugin/vfio_manager.go:116.2,116.25 1 1
github.com/ROCm/k8s-gpu-dra-driver/cmd/gpu-kubeletplugin/vfio_manager.go:116.25,117.59 1 1
github.com/ROCm/k8s-gpu-dra-driver/cmd/gpu-kubeletplugin/vfio_manager.go:117.59,119.4 1 0
github.com/ROCm/k8s-gpu-dra-driver/cmd/gpu-kubeletplugin/vfio_manager.go:122.2,122.79 1 1
github.com/ROCm/k8s-gpu-dra-driver/cmd/gpu-kubeletplugin/vfio_manager.go:122.79,124.3 1 0
github.com/ROCm/k8s-gpu-dra-driver/cmd/gpu-kubeletplugin/vfio_manager.go:126.2,127.12 2 1
github.com/ROCm/k8s-gpu-dra-driver/cmd/gpu-kubeletplugin/vfio_manager.go:131.45,135.16 3 1
github.com/ROCm/k8s-gpu-dra-driver/cmd/gpu-kubeletplugin/vfio_manager.go:135.16,136.25 1 1
github.com/ROCm/k8s-gpu-dra-driver/cmd/gpu-kubeletplugin/vfio_manager.go:136.25,138.4 1 1
github.com/ROCm/k8s-gpu-dra-driver/cmd/gpu-kubeletplugin/vfio_manager.go:139.3,139.13 1 0
github.com/ROCm/k8s-gpu-dra-driver/cmd/gpu-kubeletplugin/vfio_manager.go:143.2,144.36 2 1
github.com/ROCm/k8s-gpu-dra-driver/cmd/gpu-kubeletplugin/vfio_manager.go:144.36,146.3 1 0
github.com/ROCm/k8s-gpu-dra-driver/cmd/gpu-kubeletplugin/vfio_manager.go:147.2,148.72 2 1
github.com/ROCm/k8s-gpu-dra-driver/cmd/gpu-kubeletplugin/vfio_manager.go:148.72,150.3 1 0
github.com/ROCm/k8s-gpu-dra-driver/cmd/gpu-kubeletplugin/vfio_manager.go:151.2,152.12 2 1
github.com/ROCm/k8s-gpu-dra-driver/cmd/gpu-kubeletplugin/vfio_manager.go:158.49,161.73 2 1
github.com/ROCm/k8s-gpu-dra-driver/cmd/gpu-kubeletplugin/vfio_manager.go:161.73,163.3 1 0
github.com/ROCm/k8s-gpu-dra-driver/cmd/gpu-kubeletplugin/vfio_manager.go:166.2,167.70 2 1
github.com/ROCm/k8s-gpu-dra-driver/cmd/gpu-kubeletplugin/vfio_manager.go:167.70,168.86 1 1
github.com/ROCm/k8s-gpu-dra-driver/cmd/gpu-kubeletplugin/vfio_manager.go:168.86,170.4 1 0
github.com/ROCm/k8s-gpu-dra-driver/cmd/gpu-kubeletplugin/vfio_manager.go:171.3,171.64 1 1
github.com/ROCm/k8s-gpu-dra-driver/cmd/gpu-kubeletplugin/vfio_manager.go:176.2,176.71 1 1
github.com/ROCm/k8s-gpu-dra-driver/cmd/gpu-kubeletplugin/vfio_manager.go:176.71,178.3 1 0
github.com/ROCm/k8s-gpu-dra-driver/cmd/gpu-kubeletplugin/vfio_manager.go:180.2,181.12 2 1
github.com/ROCm/k8s-gpu-dra-driver/cmd/gpu-kubeletplugin/vfio_manager.go:186.71,189.16 3 0
github.com/ROCm/k8s-gpu-dra-driver/cmd/gpu-kubeletplugin/vfio_manager.go:189.16,191.3 1 0
github.com/ROCm/k8s-gpu-dra-driver/cmd/gpu-kubeletplugin/vfio_manager.go:192.2,205.8 1 0
github.com/ROCm/k8s-gpu-dra-driver/cmd/gpu-kubeletplugin/vfio_manager.go:210.85,212.22 2 0
github.com/ROCm/k8s-gpu-dra-driver/cmd/gpu-kubeletplugin/vfio_manager.go:212.22,216.17 3 0
github.com/ROCm/k8s-gpu-dra-driver/cmd/gpu-kubeletplugin/vfio_manager.go:216.17,218.4 1 0
github.com/ROCm/k8s-gpu-dra-driver/cmd/gpu-kubeletplugin/vfio_manager.go:221.2,221.52 1 0
github.com/ROCm/k8s-gpu-dra-driver/cmd/gpu-kubeletplugin/vfio_manager.go:221.52,223.3 1 0
github.com/ROCm/k8s-gpu-dra-driver/cmd/gpu-kubeletplugin/vfio_manager.go:225.2,229.16 3 0
github.com/ROCm/k8s-gpu-dra-driver/cmd/gpu-kubeletplugin/vfio_manager.go:229.16,239.3 2 0
github.com/ROCm/k8s-gpu-dra-driver/cmd/gpu-kubeletplugin/vfio_manager.go:241.2,254.8 1 0
github.com/ROCm/k8s-gpu-dra-driver/cmd/gpu-kubeletplugin/vfio_manager.go:259.42,261.2 1 1
github.com/ROCm/k8s-gpu-dra-driver/tools/build/copyright/main.go:32.64,40.16 5 0
github.com/ROCm/k8s-gpu-dra-driver/tools/build/copyright/main.go:40.16,42.3 1 0
github.com/ROCm/k8s-gpu-dra-driver/tools/build/copyright/main.go:45.2,45.41 1 0
github.com/ROCm/k8s-gpu-dra-driver/tools/build/copyright/main.go:45.41,47.3 1 0
github.com/ROCm/k8s-gpu-dra-driver/tools/build/copyright/main.go:50.2,54.18 4 0
github.com/ROCm/k8s-gpu-dra-driver/tools/build/copyright/main.go:54.18,58.17 3 0
github.com/ROCm/k8s-gpu-dra-driver/tools/build/copyright/main.go:58.17,60.4 1 0
github.com/ROCm/k8s-gpu-dra-driver/tools/build/copyright/main.go:61.3,62.13 2 0
github.com/ROCm/k8s-gpu-dra-driver/tools/build/copyright/main.go:66.2,69.87 3 0
github.com/ROCm/k8s-gpu-dra-driver/tools/build/copyright/main.go:69.87,71.3 1 0
github.com/ROCm/k8s-gpu-dra-driver/tools/build/copyright/main.go:71.8,71.77 1 0
github.com/ROCm/k8s-gpu-dra-driver/tools/build/copyright/main.go:71.77,73.3 1 0
github.com/ROCm/k8s-gpu-dra-driver/tools/build/copyright/main.go:75.2,75.9 1 0
github.com/ROCm/k8s-gpu-dra-driver/tools/build/copyright/main.go:76.24,78.13 2 0
github.com/ROCm/k8s-gpu-dra-driver/tools/build/copyright/main.go:79.21,85.17 5 0
github.com/ROCm/k8s-gpu-dra-driver/tools/build/copyright/main.go:85.17,87.4 1 0
github.com/ROCm/k8s-gpu-dra-driver/tools/build/copyright/main.go:88.3,89.13 2 0
github.com/ROCm/k8s-gpu-dra-driver/tools/build/copyright/main.go:90.10,94.17 3 0
github.com/ROCm/k8s-gpu-dra-driver/tools/build/copyright/main.go:94.17,96.4 1 0
github.com/ROCm/k8s-gpu-dra-driver/tools/build/copyright/main.go:97.3,97.57 1 0
github.com/ROCm/k8s-gpu-dra-driver/tools/build/copyright/main.go:100.2,100.12 1 0
github.com/ROCm/k8s-gpu-dra-driver/tools/build/copyright/main.go:103.13,123.91 3 0
github.com/ROCm/k8s-gpu-dra-driver/tools/build/copyright/main.go:123.91,124.17 1 0
github.com/ROCm/k8s-gpu-dra-driver/tools/build/copyright/main.go:124.17,126.4 1 0
github.com/ROCm/k8s-gpu-dra-driver/tools/build/copyright/main.go:128.3,128.19 1 0
github.com/ROCm/k8s-gpu-dra-driver/tools/build/copyright/main.go:128.19,130.72 1 0
github.com/ROCm/k8s-gpu-dra-driver/tools/build/copyright/main.go:130.72,132.5 1 0
github.com/ROCm/k8s-gpu-dra-driver/tools/build/copyright/main.go:133.4,133.14 1 0
github.com/ROCm/k8s-gpu-dra-driver/tools/build/copyright/main.go:137.3,137.45 1 0
github.com/ROCm/k8s-gpu-dra-driver/tools/build/copyright/main.go:137.45,139.4 1 0
github.com/ROCm/k8s-gpu-dra-driver/tools/build/copyright/main.go:141.3,141.43 1 0
github.com/ROCm/k8s-gpu-dra-driver/tools/build/copyright/main.go:144.2,144.16 1 0
github.com/ROCm/k8s-gpu-dra-driver/tools/build/copyright/main.go:144.16,146.3 1 0
github.com/ROCm/k8s-gpu-dra-driver/pkg/flags/kubeclient.go:55.47,83.2 2 0
github.com/ROCm/k8s-gpu-dra-driver/pkg/flags/kubeclient.go:85.71,89.24 3 0
github.com/ROCm/k8s-gpu-dra-driver/pkg/flags/kubeclient.go:89.24,91.17 2 0
github.com/ROCm/k8s-gpu-dra-driver/pkg/flags/kubeclient.go:91.17,93.4 1 0
github.com/ROCm/k8s-gpu-dra-driver/pkg/flags/kubeclient.go:94.8,96.17 2 0
github.com/ROCm/k8s-gpu-dra-driver/pkg/flags/kubeclient.go:96.17,98.4 1 0
github.com/ROCm/k8s-gpu-dra-driver/pkg/flags/kubeclient.go:101.2,104.22 3 0
github.com/ROCm/k8s-gpu-dra-driver/pkg/flags/kubeclient.go:107.64,109.16 2 0
github.com/ROCm/k8s-gpu-dra-driver/pkg/flags/kubeclient.go:109.16,111.3 1 0
github.com/ROCm/k8s-gpu-dra-driver/pkg/flags/kubeclient.go:113.2,114.16 2 0
github.com/ROCm/k8s-gpu-dra-driver/pkg/flags/kubeclient.go:114.16,116.3 1 0
github.com/ROCm/k8s-gpu-dra-driver/pkg/flags/kubeclient.go:118.2,120.8 1 0
github.com/ROCm/k8s-gpu-dra-driver/pkg/flags/logging.go:53.40,63.2 6 0
github.com/ROCm/k8s-gpu-dra-driver/pkg/flags/logging.go:67.39,69.2 1 0
github.com/ROCm/k8s-gpu-dra-driver/pkg/flags/logging.go:72.44,88.37 5 0
github.com/ROCm/k8s-gpu-dra-driver/pkg/flags/logging.go:88.37,90.3 1 0
github.com/ROCm/k8s-gpu-dra-driver/pkg/flags/logging.go:91.2,91.14 1 0
github.com/ROCm/k8s-gpu-dra-driver/pkg/flags/logging.go:94.61,103.2 1 0
